Restore Archived Project report for SimpleComputer
Tue Nov 30 14:53:34 2021
Quartus Prime Version 20.1.1 Build 720 11/11/2020 SJ Lite Edition


---------------------
; Table of Contents ;
---------------------
  1. Legal Notice
  2. Restore Archived Project Summary
  3. Restore Archived Project Messages
  4. Files Restored
  5. Files Not Restored



----------------
; Legal Notice ;
----------------
Copyright (C) 2020  Intel Corporation. All rights reserved.
Your use of Intel Corporation's design tools, logic functions 
and other software and tools, and any partner logic 
functions, and any output files from any of the foregoing 
(including device programming or simulation files), and any 
associated documentation or information are expressly subject 
to the terms and conditions of the Intel Program License 
Subscription Agreement, the Intel Quartus Prime License Agreement,
the Intel FPGA IP License Agreement, or other applicable license
agreement, including, without limitation, that your use is for
the sole purpose of programming logic devices manufactured by
Intel and sold by Intel or its authorized distributors.  Please
refer to the applicable agreement for further details, at
https://fpgasoftware.intel.com/eula.



+-------------------------------------------------------------------------+
; Restore Archived Project Summary                                        ;
+---------------------------------+---------------------------------------+
; Restore Archived Project Status ; Successful - Tue Nov 30 14:53:34 2021 ;
; Revision Name                   ; SimpleComputer                        ;
; Top-level Entity Name           ; ECE2544SimpleComputer                 ;
; Family                          ; MAX 10                                ;
+---------------------------------+---------------------------------------+


+-----------------------------------+
; Restore Archived Project Messages ;
+-----------------------------------+
Info: Successfully restored 'C:/ece/2544/LE_F2/LE_F2_starter.qar' into the 'C:/ece/2544/LE_F2/LE_F2_starter_restored/' directory
Info: Generated report 'SimpleComputer.restore.rpt'
Info (23030): Evaluation of Tcl script c:/intelfpga_lite/20.1/quartus/common/tcl/apps/qpm/qar.tcl was successful
Info: Quartus Prime Shell was successful. 0 errors, 25 warnings
    Info: Peak virtual memory: 4825 megabytes
    Info: Processing ended: Tue Nov 30 14:53:34 2021
    Info: Elapsed time: 00:00:00
    Info: Total CPU time (on all processors): 00:00:01


+----------------+
; Files Restored ;
+----------------+
; File Name      ;
+----------------+


+----------------------------------------+
; Files Not Restored                     ;
+----------------------------------------+
; File Name                              ;
+----------------------------------------+
; qar_info.json                          ;
; ECE2504SimpleComputer.sdc              ;
; ECE2544SimpleComputer.v                ;
; SimpleComputer.qpf                     ;
; SimpleComputer.qsf                     ;
; SimpleComputer_assignment_defaults.qdf ;
; assignment_defaults.qdf                ;
; button_fsm.v                           ;
; cpu.v                                  ;
; data.txt                               ;
; decoder3to8enable.v                    ;
; dual_port_ram.v                        ;
; function_unit.v                        ;
; hexDecoder_7seg.v                      ;
; instruction.txt                        ;
; instruction_decoder.v                  ;
; mux10to1_16bits.v                      ;
; mux20to1_8bits.v                       ;
; mux2to1_16bit.v                        ;
; mux8to1_16bit.v                        ;
; pc_controller.v                        ;
; register_16bit.v                       ;
; single_port_ram.v                      ;
; single_port_rom.v                      ;
+----------------------------------------+


